// Jest Snapshot v1, https://goo.gl/fbAQLP

exports[`Test for GifGrifItem Component should render <GifGrifItem/> correctly 1`] = `
<div
  className="card animate__animated animate__fadeInUp"
>
  <img
    alt="This is a title"
    src="https://localhost:8180/something.png"
  />
  <p>
    This is a title
  </p>
</div>
`;
